
## A. sign/verify

| key | N | mean | σ | 95%CI | p50 | p95 | outlier% | ops/sec(mean) | p50 run-spread% |
|---|---|---|---|---|---|---|---|---|---|
| SD-JWT VC-withLib-sign | 2000 | 0.027 | 0.024 | 0.001 | 0.026 | 0.033 | 11.8 | 36,420 | 42.8 |
| SD-JWT VC-withLib-verify | 2000 | 0.076 | 0.009 | 0.000 | 0.073 | 0.089 | 14.1 | 13,141 | 5.9 |
| SD-JWT VC-jose-sign | 2000 | 0.096 | 0.017 | 0.001 | 0.094 | 0.109 | 8.6 | 10,382 | 2.6 |
| SD-JWT VC-jose-verify | 2000 | 0.144 | 0.054 | 0.002 | 0.139 | 0.161 | 11.4 | 6,934 | 2.0 |
| SD-JWT VC-noLib-sign | 2000 | 0.025 | 0.003 | 0.000 | 0.025 | 0.029 | 14.6 | 39,494 | 3.7 |
| SD-JWT VC-noLib-verify | 2000 | 0.076 | 0.010 | 0.000 | 0.073 | 0.088 | 13.2 | 13,188 | 4.3 |
| JSON-LD VC-withLib-sign | 2000 | 0.059 | 0.038 | 0.002 | 0.052 | 0.081 | 4.8 | 17,037 | 1.7 |
| JSON-LD VC-withLib-verify | 2000 | 0.096 | 0.022 | 0.001 | 0.092 | 0.110 | 11.6 | 10,411 | 10.5 |
| JSON-LD VC-noLib-sign | 2000 | 0.027 | 0.016 | 0.001 | 0.026 | 0.030 | 12.9 | 36,844 | 9.4 |
| JSON-LD VC-noLib-verify | 2000 | 0.076 | 0.026 | 0.001 | 0.075 | 0.087 | 12.3 | 13,085 | 12.5 |
| JSON-LD VC (JCS)-withLib-sign | 2000 | 0.029 | 0.025 | 0.001 | 0.027 | 0.032 | 7.5 | 34,942 | 5.7 |
| JSON-LD VC (JCS)-withLib-verify | 2000 | 0.078 | 0.022 | 0.001 | 0.076 | 0.087 | 15.8 | 12,859 | 3.6 |
| JSON-LD VC (JCS)-noLib-sign | 2000 | 0.029 | 0.021 | 0.001 | 0.028 | 0.033 | 9.9 | 34,432 | 8.8 |
| JSON-LD VC (JCS)-noLib-verify | 2000 | 0.077 | 0.018 | 0.001 | 0.076 | 0.086 | 13.3 | 12,927 | 13.4 |
| mdoc-noLib-sign | 2000 | 0.041 | 0.040 | 0.002 | 0.037 | 0.053 | 10.2 | 24,458 | 19.5 |
| mdoc-noLib-verify | 2000 | 0.053 | 0.004 | 0.000 | 0.052 | 0.060 | 16.6 | 18,861 | 11.1 |
| mdoc-withLib-sign | 2000 | 0.036 | 0.068 | 0.003 | 0.030 | 0.046 | 10.0 | 27,658 | 10.9 |
| mdoc-withLib-verify | 2000 | 0.053 | 0.005 | 0.000 | 0.052 | 0.063 | 13.1 | 18,961 | 9.1 |
| serial-JSON-LD VC-normalize-withLib | 2000 | 0.018 | 0.012 | 0.001 | 0.017 | 0.021 | 8.0 | 55,049 | 10.0 |

## B. Ed25519 unified

| key | N | mean | σ | 95%CI | p50 | p95 | outlier% | ops/sec(mean) | p50 run-spread% |
|---|---|---|---|---|---|---|---|---|---|
| unified-SD-JWT VC-sign | 2000 | 0.026 | 0.003 | 0.000 | 0.025 | 0.033 | 13.2 | 38,091 | 8.1 |
| unified-SD-JWT VC-verify | 2000 | 0.077 | 0.051 | 0.002 | 0.075 | 0.091 | 12.1 | 12,954 | 10.7 |
| unified-JSON-LD VC-sign | 2000 | 0.056 | 0.029 | 0.001 | 0.050 | 0.073 | 4.3 | 17,965 | 8.8 |
| unified-JSON-LD VC-verify | 2000 | 0.100 | 0.021 | 0.001 | 0.095 | 0.112 | 11.7 | 9,986 | 4.1 |
| unified-mdoc-sign | 2000 | 0.036 | 0.053 | 0.002 | 0.033 | 0.049 | 11.3 | 27,595 | 8.6 |
| unified-mdoc-verify | 2000 | 0.074 | 0.007 | 0.000 | 0.073 | 0.085 | 11.3 | 13,446 | 6.1 |

## C. selective disclosure

| key | N | mean | σ | 95%CI | p50 | p95 | outlier% | ops/sec(mean) | p50 run-spread% |
|---|---|---|---|---|---|---|---|---|---|
| seldisc-SD-JWT VC-1 | 2000 | 0.002 | 0.016 | 0.001 | 0.002 | 0.003 | 2.8 | 441,468 | 23.8 |
| seldisc-mdoc-1 | 2000 | 0.002 | 0.001 | 0.000 | 0.002 | 0.003 | 10.3 | 492,291 | 4.3 |
| seldisc-JSON-LD VC-1 | 2000 | 0.001 | 0.007 | 0.000 | 0.001 | 0.001 | 7.8 | 773,242 | 4.0 |
| seldisc-JSON-LD (JCS)-1 | 2000 | 0.003 | 0.005 | 0.000 | 0.003 | 0.003 | 6.8 | 337,583 | 6.1 |
| seldisc-SD-JWT VC-3 | 2000 | 0.002 | 0.004 | 0.000 | 0.002 | 0.003 | 2.1 | 438,620 | 6.3 |
| seldisc-mdoc-3 | 2000 | 0.002 | 0.003 | 0.000 | 0.002 | 0.003 | 27.7 | 418,764 | 1.8 |
| seldisc-JSON-LD VC-3 | 2000 | 0.001 | 0.005 | 0.000 | 0.001 | 0.001 | 8.1 | 749,286 | 0.0 |
| seldisc-JSON-LD (JCS)-3 | 2000 | 0.003 | 0.005 | 0.000 | 0.003 | 0.003 | 0.9 | 350,834 | 31.5 |
| seldisc-SD-JWT VC-5 | 2000 | 0.002 | 0.003 | 0.000 | 0.002 | 0.003 | 3.8 | 413,923 | 5.9 |
| seldisc-mdoc-5 | 2000 | 0.003 | 0.004 | 0.000 | 0.002 | 0.003 | 14.1 | 365,186 | 1.8 |
| seldisc-JSON-LD VC-5 | 2000 | 0.002 | 0.003 | 0.000 | 0.002 | 0.002 | 5.4 | 612,870 | 2.7 |
| seldisc-JSON-LD (JCS)-5 | 2000 | 0.002 | 0.005 | 0.000 | 0.002 | 0.002 | 12.3 | 441,431 | 4.0 |
| seldisc-SD-JWT VC-10 | 2000 | 0.003 | 0.004 | 0.000 | 0.003 | 0.003 | 5.7 | 342,093 | 6.4 |
| seldisc-mdoc-10 | 2000 | 0.004 | 0.002 | 0.000 | 0.003 | 0.005 | 8.6 | 271,967 | 13.7 |
| seldisc-JSON-LD VC-10 | 2000 | 0.003 | 0.006 | 0.000 | 0.003 | 0.003 | 10.3 | 343,404 | 0.0 |
| seldisc-JSON-LD (JCS)-10 | 2000 | 0.003 | 0.003 | 0.000 | 0.003 | 0.004 | 12.3 | 322,294 | 10.0 |
| seldisc-SD-JWT VC-20 | 2000 | 0.004 | 0.004 | 0.000 | 0.003 | 0.004 | 8.5 | 269,067 | 7.6 |
| seldisc-mdoc-20 | 2000 | 0.006 | 0.004 | 0.000 | 0.005 | 0.006 | 4.7 | 176,262 | 8.9 |
| seldisc-JSON-LD VC-20 | 2000 | 0.005 | 0.007 | 0.000 | 0.005 | 0.006 | 12.5 | 189,910 | 3.4 |
| seldisc-JSON-LD (JCS)-20 | 2000 | 0.005 | 0.004 | 0.000 | 0.005 | 0.005 | 10.9 | 204,517 | 1.8 |

## D. scaling

| key | N | mean | σ | 95%CI | p50 | p95 | outlier% | ops/sec(mean) | p50 run-spread% |
|---|---|---|---|---|---|---|---|---|---|
| scaling-SD-JWT VC-5 | 2000 | 0.001 | 0.000 | 0.000 | 0.001 | 0.001 | 6.3 | 1,709,764 | 7.2 |
| scaling-JSON-LD VC-5 | 2000 | 0.024 | 0.019 | 0.001 | 0.021 | 0.031 | 2.5 | 41,814 | 25.6 |
| scaling-JSON-LD VC (JCS)-5 | 2000 | 0.004 | 0.005 | 0.000 | 0.003 | 0.004 | 9.5 | 274,017 | 10.0 |
| scaling-mdoc-5 | 2000 | 0.002 | 0.001 | 0.000 | 0.001 | 0.003 | 0.4 | 544,885 | 14.3 |
| scaling-SD-JWT VC-20 | 2000 | 0.001 | 0.002 | 0.000 | 0.001 | 0.002 | 14.8 | 823,902 | 8.3 |
| scaling-JSON-LD VC-20 | 2000 | 0.046 | 0.018 | 0.001 | 0.041 | 0.059 | 6.0 | 21,829 | 7.1 |
| scaling-JSON-LD VC (JCS)-20 | 2000 | 0.006 | 0.005 | 0.000 | 0.006 | 0.007 | 7.3 | 158,193 | 7.0 |
| scaling-mdoc-20 | 2000 | 0.004 | 0.005 | 0.000 | 0.004 | 0.005 | 5.5 | 238,500 | 7.7 |
| scaling-SD-JWT VC-100 | 2000 | 0.004 | 0.004 | 0.000 | 0.004 | 0.005 | 5.8 | 225,947 | 7.0 |
| scaling-JSON-LD VC-100 | 400 | 0.163 | 0.031 | 0.003 | 0.154 | 0.204 | 12.8 | 6,125 | 12.7 |
| scaling-JSON-LD VC (JCS)-100 | 2000 | 0.025 | 0.007 | 0.000 | 0.024 | 0.028 | 11.6 | 40,565 | 6.0 |
| scaling-mdoc-100 | 2000 | 0.021 | 0.007 | 0.000 | 0.020 | 0.025 | 7.6 | 46,952 | 12.3 |
| scaling-SD-JWT VC-500 | 2000 | 0.019 | 0.009 | 0.000 | 0.018 | 0.024 | 8.3 | 53,890 | 11.7 |
| scaling-JSON-LD VC-500 | 400 | 0.773 | 0.098 | 0.010 | 0.726 | 0.993 | 17.8 | 1,294 | 10.8 |
| scaling-JSON-LD VC (JCS)-500 | 2000 | 0.117 | 0.013 | 0.001 | 0.114 | 0.129 | 10.8 | 8,573 | 1.2 |
| scaling-mdoc-500 | 2000 | 0.103 | 0.018 | 0.001 | 0.100 | 0.115 | 10.9 | 9,687 | 17.4 |

## E. complex URDNA2015

| key | N | mean | σ | 95%CI | p50 | p95 | outlier% | ops/sec(mean) | p50 run-spread% |
|---|---|---|---|---|---|---|---|---|---|
| complex-simple | 1000 | 0.017 | 0.017 | 0.001 | 0.016 | 0.021 | 10.5 | 57,187 | 34.2 |
| complex-ob3 | 1000 | 1.228 | 1.077 | 0.067 | 0.939 | 2.576 | 15.7 | 814 | 11.2 |
| complex-dcc | 1000 | 0.821 | 0.429 | 0.027 | 0.679 | 2.065 | 14.5 | 1,217 | 20.9 |
| complex-syn10 | 1000 | 0.097 | 0.035 | 0.002 | 0.088 | 0.122 | 5.5 | 10,275 | 22.5 |
| complex-syn50 | 200 | 0.447 | 0.066 | 0.009 | 0.424 | 0.641 | 13.0 | 2,237 | 15.9 |

## F. serialization/breakdown

| key | N | mean | σ | 95%CI | p50 | p95 | outlier% | ops/sec(mean) | p50 run-spread% |
|---|---|---|---|---|---|---|---|---|---|
| serial-SD-JWT VC-encode | 2000 | 0.001 | 0.001 | 0.000 | 0.001 | 0.001 | 9.8 | 1,247,945 | 33.3 |
| serial-SD-JWT VC-decode | 2000 | 0.002 | 0.001 | 0.000 | 0.002 | 0.002 | 6.9 | 606,550 | 11.1 |
| serial-JSON-LD VC-encode | 2000 | 0.001 | 0.000 | 0.000 | 0.001 | 0.001 | 11.3 | 1,246,713 | 11.7 |
| serial-JSON-LD VC-decode | 2000 | 0.001 | 0.000 | 0.000 | 0.001 | 0.001 | 2.2 | 721,208 | 9.1 |
| serial-JSON-LD VC-normalize-withLib | 2000 | 0.018 | 0.012 | 0.001 | 0.017 | 0.021 | 8.0 | 55,049 | 10.0 |
| serial-JSON-LD VC (JCS)-canonicalize | 2000 | 0.004 | 0.006 | 0.000 | 0.004 | 0.004 | 3.0 | 263,314 | 2.3 |
| serial-mdoc-encode | 2000 | 0.002 | 0.001 | 0.000 | 0.002 | 0.002 | 30.2 | 567,577 | 9.8 |
| serial-mdoc-decode | 2000 | 0.003 | 0.003 | 0.000 | 0.002 | 0.009 | 20.1 | 303,049 | 28.6 |
| breakdown-normalize | 2000 | 0.017 | 0.011 | 0.000 | 0.016 | 0.019 | 9.0 | 57,332 | 12.2 |
| breakdown-hash | 2000 | 0.001 | 0.001 | 0.000 | 0.001 | 0.001 | 7.1 | 1,165,813 | 11.1 |
| breakdown-sign | 2000 | 0.025 | 0.003 | 0.000 | 0.024 | 0.029 | 12.4 | 40,091 | 9.0 |

Saved: /tmp/agg.json
