paperBench: N=2000 (JSON-LD withLib / complex credentials use reduced N where noted)
環境: {
  "node": "v22.22.3",
  "v8": "12.4.254.21-node.56",
  "openssl": "3.5.6",
  "platform": "linux arm64",
  "osRelease": "6.8.0-124-generic",
  "cpu": "unknown",
  "cores": 4,
  "totalMemGB": "3.8",
  "libraries": {
    "jose": "6.2.3",
    "jsonld": "8.3.3",
    "rdf-canonize": "3.4.0",
    "cbor-x": "1.6.4",
    "canonicalize": "1.0.8",
    "@digitalcredentials/open-badges-context": "3.0.0",
    "@digitalbazaar/credentials-context": "3.2.0"
  },
  "timestamp": "2026-07-05T14:19:39.796Z",
  "timerResolutionNs": 83
}

[A] 署名・検証ベンチマーク...
[B] Ed25519統一ベンチマーク...
[C] 選択的開示ベンチマーク...
[D] 属性数スケーリング...
[E] 複雑クレデンシャル URDNA2015...
[F] シリアライズ・内訳...

## A. 署名・検証（表4/表7相当）

| ベンチマーク | N | 平均(ms) | σ(ms) | 95%CI(±ms) | p50(ms) | p95(ms) | 外れ値数(%) | ops/sec |
|---|---|---|---|---|---|---|---|---|
| SD-JWT VC-withLib-sign | 2000 | 0.031 | 0.036 | 0.002 | 0.028 | 0.038 | 225 (11.3%) | 32,565 |
| SD-JWT VC-withLib-verify | 2000 | 0.084 | 0.031 | 0.001 | 0.080 | 0.095 | 585 (29.3%) | 11,880 |
| SD-JWT VC-noLib-sign | 2000 | 0.034 | 0.054 | 0.002 | 0.026 | 0.062 | 237 (11.8%) | 29,755 |
| SD-JWT VC-noLib-verify | 2000 | 0.076 | 0.010 | 0.000 | 0.073 | 0.088 | 213 (10.7%) | 13,176 |
| JSON-LD VC-withLib-sign | 2000 | 0.059 | 0.038 | 0.002 | 0.052 | 0.083 | 97 (4.9%) | 16,870 |
| JSON-LD VC-withLib-verify | 2000 | 0.134 | 1.054 | 0.046 | 0.092 | 0.117 | 168 (8.4%) | 7,489 |
| JSON-LD VC-noLib-sign | 2000 | 0.027 | 0.018 | 0.001 | 0.026 | 0.032 | 206 (10.3%) | 36,704 |
| JSON-LD VC-noLib-verify | 2000 | 0.081 | 0.060 | 0.003 | 0.074 | 0.093 | 242 (12.1%) | 12,358 |
| JSON-LD VC (JCS)-withLib-sign | 2000 | 0.029 | 0.029 | 0.001 | 0.027 | 0.033 | 100 (5.0%) | 33,949 |
| JSON-LD VC (JCS)-withLib-verify | 2000 | 0.076 | 0.018 | 0.001 | 0.074 | 0.086 | 387 (19.4%) | 13,081 |
| JSON-LD VC (JCS)-noLib-sign | 2000 | 0.029 | 0.023 | 0.001 | 0.027 | 0.032 | 179 (8.9%) | 35,005 |
| JSON-LD VC (JCS)-noLib-verify | 2000 | 0.076 | 0.020 | 0.001 | 0.073 | 0.086 | 392 (19.6%) | 13,098 |
| mdoc-withLib-sign | 2000 | 0.036 | 0.076 | 0.003 | 0.030 | 0.045 | 135 (6.8%) | 27,886 |
| mdoc-withLib-verify | 2000 | 0.052 | 0.007 | 0.000 | 0.050 | 0.059 | 340 (17.0%) | 19,222 |
| serial-JSON-LD VC-normalize-withLib | 2000 | 0.018 | 0.012 | 0.001 | 0.017 | 0.021 | 181 (9.0%) | 55,426 |

## B. Ed25519統一（表15相当）

| ベンチマーク | N | 平均(ms) | σ(ms) | 95%CI(±ms) | p50(ms) | p95(ms) | 外れ値数(%) | ops/sec |
|---|---|---|---|---|---|---|---|---|
| unified-SD-JWT VC-sign | 2000 | 0.028 | 0.067 | 0.003 | 0.025 | 0.030 | 131 (6.6%) | 36,182 |
| unified-SD-JWT VC-verify | 2000 | 0.076 | 0.010 | 0.000 | 0.073 | 0.091 | 208 (10.4%) | 13,141 |
| unified-JSON-LD VC-sign | 2000 | 0.057 | 0.041 | 0.002 | 0.050 | 0.071 | 83 (4.2%) | 17,455 |
| unified-JSON-LD VC-verify | 2000 | 0.101 | 0.026 | 0.001 | 0.096 | 0.117 | 208 (10.4%) | 9,862 |
| unified-mdoc-sign | 2000 | 0.036 | 0.051 | 0.002 | 0.032 | 0.053 | 234 (11.7%) | 28,013 |
| unified-mdoc-verify | 2000 | 0.078 | 0.018 | 0.001 | 0.073 | 0.090 | 201 (10.1%) | 12,881 |

## C. 選択的開示（表12相当）

| ベンチマーク | N | 平均(ms) | σ(ms) | 95%CI(±ms) | p50(ms) | p95(ms) | 外れ値数(%) | ops/sec |
|---|---|---|---|---|---|---|---|---|
| seldisc-SD-JWT VC-1/20 | 2000 | 0.003 | 0.024 | 0.001 | 0.002 | 0.003 | 48 (2.4%) | 351,056 |
| seldisc-mdoc-1/20 | 2000 | 0.002 | 0.005 | 0.000 | 0.002 | 0.003 | 209 (10.4%) | 435,447 |
| seldisc-JSON-LD VC-1/20 | 2000 | 0.001 | 0.001 | 0.000 | 0.001 | 0.001 | 174 (8.7%) | 905,208 |
| seldisc-JSON-LD (JCS)-1/20 | 2000 | 0.003 | 0.005 | 0.000 | 0.003 | 0.003 | 219 (10.9%) | 343,895 |
| seldisc-SD-JWT VC-3/20 | 2000 | 0.003 | 0.003 | 0.000 | 0.002 | 0.003 | 89 (4.5%) | 398,027 |
| seldisc-mdoc-3/20 | 2000 | 0.003 | 0.002 | 0.000 | 0.002 | 0.003 | 181 (9.0%) | 387,524 |
| seldisc-JSON-LD VC-3/20 | 2000 | 0.001 | 0.008 | 0.000 | 0.001 | 0.002 | 233 (11.7%) | 668,381 |
| seldisc-JSON-LD (JCS)-3/20 | 2000 | 0.003 | 0.003 | 0.000 | 0.003 | 0.003 | 10 (0.5%) | 365,501 |
| seldisc-SD-JWT VC-5/20 | 2000 | 0.003 | 0.005 | 0.000 | 0.002 | 0.004 | 129 (6.5%) | 349,894 |
| seldisc-mdoc-5/20 | 2000 | 0.003 | 0.006 | 0.000 | 0.003 | 0.004 | 238 (11.9%) | 310,590 |
| seldisc-JSON-LD VC-5/20 | 2000 | 0.002 | 0.003 | 0.000 | 0.002 | 0.002 | 135 (6.8%) | 615,647 |
| seldisc-JSON-LD (JCS)-5/20 | 2000 | 0.003 | 0.008 | 0.000 | 0.002 | 0.003 | 245 (12.3%) | 387,341 |
| seldisc-SD-JWT VC-10/20 | 2000 | 0.003 | 0.005 | 0.000 | 0.003 | 0.003 | 83 (4.2%) | 325,724 |
| seldisc-mdoc-10/20 | 2000 | 0.004 | 0.006 | 0.000 | 0.003 | 0.005 | 143 (7.1%) | 252,272 |
| seldisc-JSON-LD VC-10/20 | 2000 | 0.003 | 0.007 | 0.000 | 0.003 | 0.003 | 270 (13.5%) | 336,950 |
| seldisc-JSON-LD (JCS)-10/20 | 2000 | 0.003 | 0.004 | 0.000 | 0.003 | 0.004 | 239 (11.9%) | 319,599 |
| seldisc-SD-JWT VC-20/20 | 2000 | 0.004 | 0.005 | 0.000 | 0.004 | 0.005 | 134 (6.7%) | 238,108 |
| seldisc-mdoc-20/20 | 2000 | 0.006 | 0.004 | 0.000 | 0.005 | 0.007 | 120 (6.0%) | 175,275 |
| seldisc-JSON-LD VC-20/20 | 2000 | 0.005 | 0.005 | 0.000 | 0.005 | 0.006 | 299 (14.9%) | 191,311 |
| seldisc-JSON-LD (JCS)-20/20 | 2000 | 0.005 | 0.005 | 0.000 | 0.005 | 0.006 | 277 (13.9%) | 195,567 |

## D. 属性数スケーリング（表11相当）

| ベンチマーク | N | 平均(ms) | σ(ms) | 95%CI(±ms) | p50(ms) | p95(ms) | 外れ値数(%) | ops/sec |
|---|---|---|---|---|---|---|---|---|
| scaling-SD-JWT VC-5 | 2000 | 0.001 | 0.000 | 0.000 | 0.001 | 0.001 | 192 (9.6%) | 1,614,708 |
| scaling-JSON-LD VC-5 | 2000 | 0.024 | 0.015 | 0.001 | 0.022 | 0.031 | 51 (2.5%) | 41,300 |
| scaling-JSON-LD VC (JCS)-5 | 2000 | 0.004 | 0.006 | 0.000 | 0.003 | 0.004 | 103 (5.1%) | 270,593 |
| scaling-mdoc-5 | 2000 | 0.002 | 0.004 | 0.000 | 0.001 | 0.003 | 12 (0.6%) | 511,324 |
| scaling-SD-JWT VC-20 | 2000 | 0.001 | 0.001 | 0.000 | 0.001 | 0.001 | 356 (17.8%) | 899,074 |
| scaling-JSON-LD VC-20 | 2000 | 0.048 | 0.019 | 0.001 | 0.042 | 0.064 | 244 (12.2%) | 20,987 |
| scaling-JSON-LD VC (JCS)-20 | 2000 | 0.007 | 0.005 | 0.000 | 0.006 | 0.007 | 108 (5.4%) | 148,411 |
| scaling-mdoc-20 | 2000 | 0.004 | 0.006 | 0.000 | 0.004 | 0.005 | 80 (4.0%) | 228,725 |
| scaling-SD-JWT VC-100 | 2000 | 0.005 | 0.006 | 0.000 | 0.005 | 0.006 | 128 (6.4%) | 194,228 |
| scaling-JSON-LD VC-100 | 400 | 0.174 | 0.040 | 0.004 | 0.162 | 0.255 | 39 (9.8%) | 5,733 |
| scaling-JSON-LD VC (JCS)-100 | 2000 | 0.029 | 0.165 | 0.007 | 0.025 | 0.030 | 228 (11.4%) | 33,925 |
| scaling-mdoc-100 | 2000 | 0.025 | 0.013 | 0.001 | 0.022 | 0.030 | 185 (9.3%) | 40,634 |
| scaling-SD-JWT VC-500 | 2000 | 0.126 | 2.025 | 0.089 | 0.044 | 0.170 | 195 (9.8%) | 7,930 |
| scaling-JSON-LD VC-500 | 400 | 0.913 | 0.275 | 0.027 | 0.807 | 1.361 | 27 (6.8%) | 1,095 |
| scaling-JSON-LD VC (JCS)-500 | 2000 | 0.144 | 0.246 | 0.011 | 0.117 | 0.238 | 179 (8.9%) | 6,925 |
| scaling-mdoc-500 | 2000 | 0.136 | 0.122 | 0.005 | 0.100 | 0.335 | 315 (15.8%) | 7,339 |

## E. 複雑クレデンシャル URDNA2015

| ベンチマーク | N | 平均(ms) | σ(ms) | 95%CI(±ms) | p50(ms) | p95(ms) | 外れ値数(%) | ops/sec |
|---|---|---|---|---|---|---|---|---|
| complex-simple | 1000 | 0.059 | 0.089 | 0.006 | 0.033 | 0.155 | 62 (6.2%) | 16,928 |
| complex-ob3 | 1000 | 1.159 | 0.640 | 0.040 | 0.932 | 2.616 | 153 (15.3%) | 863 |
| complex-dcc | 1000 | 0.827 | 0.460 | 0.028 | 0.676 | 2.127 | 157 (15.7%) | 1,209 |
| complex-syn10 | 1000 | 0.098 | 0.033 | 0.002 | 0.089 | 0.119 | 46 (4.6%) | 10,187 |
| complex-syn50 | 200 | 0.455 | 0.067 | 0.009 | 0.431 | 0.647 | 34 (17.0%) | 2,198 |

## F. シリアライズ（表9相当）・内訳（表5相当）

| ベンチマーク | N | 平均(ms) | σ(ms) | 95%CI(±ms) | p50(ms) | p95(ms) | 外れ値数(%) | ops/sec |
|---|---|---|---|---|---|---|---|---|
| serial-SD-JWT VC-encode | 2000 | 0.001 | 0.000 | 0.000 | 0.001 | 0.001 | 141 (7.0%) | 1,559,749 |
| serial-SD-JWT VC-decode | 2000 | 0.002 | 0.000 | 0.000 | 0.002 | 0.002 | 258 (12.9%) | 624,765 |
| serial-JSON-LD VC-encode | 2000 | 0.001 | 0.008 | 0.000 | 0.001 | 0.001 | 785 (39.3%) | 1,114,653 |
| serial-JSON-LD VC-decode | 2000 | 0.001 | 0.000 | 0.000 | 0.001 | 0.001 | 59 (2.9%) | 733,991 |
| serial-JSON-LD VC-normalize-withLib | 2000 | 0.018 | 0.012 | 0.001 | 0.017 | 0.021 | 181 (9.0%) | 55,426 |
| serial-JSON-LD VC (JCS)-canonicalize | 2000 | 0.004 | 0.006 | 0.000 | 0.004 | 0.004 | 34 (1.7%) | 265,553 |
| serial-mdoc-encode | 2000 | 0.002 | 0.000 | 0.000 | 0.002 | 0.002 | 785 (39.3%) | 578,710 |
| serial-mdoc-decode | 2000 | 0.003 | 0.003 | 0.000 | 0.002 | 0.009 | 413 (20.6%) | 300,515 |
| breakdown-normalize (URDNA2015 withLib) | 2000 | 0.018 | 0.012 | 0.001 | 0.016 | 0.020 | 185 (9.3%) | 56,958 |
| breakdown-hash (SHA-256) | 2000 | 0.001 | 0.000 | 0.000 | 0.001 | 0.001 | 107 (5.3%) | 1,271,515 |
| breakdown-sign (Ed25519) | 2000 | 0.025 | 0.002 | 0.000 | 0.024 | 0.029 | 274 (13.7%) | 40,120 |

## E. 複雑クレデンシャルのメタ情報

- simple (paper §4.3, 0 blank nodes): quads=5, blankNodes=1, nquads=464B
- OpenBadges v3.0 (1EdTech): quads=32, blankNodes=4, nquads=4011B
- DCC-style OB3 credential: quads=21, blankNodes=2, nquads=2846B
- synthetic 10 blank nodes: quads=43, blankNodes=10, nquads=3112B
- synthetic 50 blank nodes: quads=203, blankNodes=50, nquads=14432B

## ペイロードサイズ (スケーリング)
 {"SD-JWT VC-5":272,"JSON-LD VC-5":681,"JSON-LD VC (JCS)-5":581,"mdoc-5":355,"SD-JWT VC-20":732,"JSON-LD VC-20":1716,"JSON-LD VC (JCS)-20":926,"mdoc-20":1300,"SD-JWT VC-100":3185,"JSON-LD VC-100":7236,"JSON-LD VC (JCS)-100":2766,"mdoc-100":6417,"SD-JWT VC-500":15452,"JSON-LD VC-500":34836,"JSON-LD VC (JCS)-500":11966,"mdoc-500":32262,"serial-SD-JWT VC":322,"serial-JSON-LD VC-normalized":464,"serial-JSON-LD VC (JCS)-canonical":612,"serial-mdoc":497}

結果を /tmp/paper-bench-results.json に保存しました
